0	1	mikroCPIC1618.exe -MSF -DBG -pP18F458 -C -Y -DL -O11111104 -fo20 -N"C:\Users\PARTH\Desktop\Embedded Systems\PIC Code and Design\test\test.mcppi" -SP"C:\Users\PARTH\Desktop\Embedded Systems\PIC\mikroC PRO for PIC\defs\" -SP"C:\Users\PARTH\Desktop\Embedded Systems\PIC\mikroC PRO for PIC\uses\P18\" -SP"C:\Users\PARTH\Desktop\Embedded Systems\PIC Code and Design\test\" -SP"C:\Users\PARTH\Desktop\PIC\mikroC PRO for PIC\defs\" -SP"C:\Users\PARTH\Desktop\PIC\mikroC PRO for PIC\uses\P18\" -SP"C:\Users\PARTH\Desktop\PIC Code and Design\test\" -SP"C:\Users\PARTH\Desktop\" "test.c" "__Lib_Math.mcl" "__Lib_MathDouble.mcl" "__Lib_System.mcl" "__Lib_Delays.mcl" "__Lib_CType.mcl" "__Lib_CString.mcl" "__Lib_CStdlib.mcl" "__Lib_CMath.mcl" "__Lib_MemManager.mcl" "__Lib_Conversions.mcl" "__Lib_Sprintf.mcl" "__Lib_PrintOut.mcl" "__Lib_Sprinti.mcl" "__Lib_Sprintl.mcl" "__Lib_Time.mcl" "__Lib_Trigonometry.mcl" "__Lib_Button.mcl" "__Lib_Keypad4x4.mcl" "__Lib_Manchester.mcl" "__Lib_OneWire.mcl" "__Lib_PS2.mcl" "__Lib_Sound.mcl" "__Lib_SoftI2C.mcl" "__Lib_SoftSPI.mcl" "__Lib_SoftUART.mcl" "__Lib_ADC_A_C.mcl" "__Lib_EEPROM_256.mcl" "__Lib_FLASH_w8_e64.mcl" "__Lib_I2C_c34.mcl" "__Lib_PWM_c2d4.mcl" "__Lib_SPI_c345.mcl" "__Lib_UART_c67.mcl" "__Lib_CAN_C_A.mcl" "__Lib_PortExpander.mcl" "__Lib_CANSPI.mcl" "__Lib_CF.mcl" "__Lib_CFFat16.mcl" "__Lib_GlcdFonts.mcl" "__Lib_Glcd.mcl" "__Lib_LcdConsts.mcl" "__Lib_Lcd.mcl" "__Lib_Mmc.mcl" "__Lib_MmcFat16.mcl" "__Lib_MmcFat16Constants.mcl" "__Lib_RS485.mcl" "__Lib_S1D13700.mcl" "__Lib_T6963C.mcl" "__Lib_SPIGlcd.mcl" "__Lib_SPILcd.mcl" "__Lib_SPILcd8.mcl" "__Lib_SPIT6963C.mcl" "__Lib_EthEnc28j60.mcl" "__Lib_TFT.mcl" "__Lib_TFT_Defs.mcl" "__Lib_TFT_16bit.mcl" "__Lib_TFT_16bit_Defs.mcl" "__Lib_TouchPanel_TFT.mcl" "__Lib_EthEnc24j600.mcl" "__Lib_TouchPanel.mcl"	 
warning: 0	1501	Specified search path does not exist: 'C:\Users\PARTH\Desktop\PIC\mikroC PRO for PIC\defs'	 
warning: 0	1501	Specified search path does not exist: 'C:\Users\PARTH\Desktop\PIC\mikroC PRO for PIC\uses\P18'	 
warning: 0	1501	Specified search path does not exist: 'C:\Users\PARTH\Desktop\PIC Code and Design\test'	 
hint: 0	1139	Available RAM: 1515 [bytes], Available ROM: 32768 [bytes]	 
diagnostics: 0	122	Compilation Started	__Lib_Delays.c
diagnostics: 172	123	Compiled Successfully	__Lib_Delays.c
diagnostics: 0	126	All files Preprocessed in 93 ms	 
diagnostics: 0	122	Compilation Started	test.c
diagnostics: 24	123	Compiled Successfully	test.c
diagnostics: 0	127	All files Compiled in 94 ms	 
hint: 0	1144	Used RAM (bytes): 14 (1%)  Free RAM (bytes): 1501 (99%)	Used RAM (bytes): 14 (1%)  Free RAM (bytes): 1501 (99%)
hint: 0	1144	Used ROM (bytes): 246 (1%)  Free ROM (bytes): 32522 (99%)	Used ROM (bytes): 246 (1%)  Free ROM (bytes): 32522 (99%)
diagnostics: 0	125	Project Linked Successfully	test.mcppi
diagnostics: 0	128	Linked in 438 ms	 
diagnostics: 0	129	Project 'test.mcppi' completed: 1047 ms	 
diagnostics: 0	103	Finished successfully: 06 Jan 2019, 20:04:17	test.mcppi
